// Jest Snapshot v1, https://goo.gl/fbAQLP

exports[`App should render correctly 1`] = `
ShallowWrapper {
  Symbol(enzyme.__root__): [Circular],
  Symbol(enzyme.__unrendered__): <App />,
  Symbol(enzyme.__renderer__): Object {
    "batchedUpdates": [Function],
    "getNode": [Function],
    "render": [Function],
    "simulateError": [Function],
    "simulateEvent": [Function],
    "unmount": [Function],
  },
  Symbol(enzyme.__node__): Object {
    "instance": null,
    "key": undefined,
    "nodeType": "function",
    "props": Object {
      "children": Array [
        <SearchBox />,
        <Nav
          resetSearchTerm={[Function]}
        />,
        <Router>
          <ResultsWrapper
            path="/"
            popular={true}
          />
          <ResultsWrapper
            path="/search/:searchTerm"
          />
          <MovieWrapper
            path="/movie/:movieId"
          />
        </Router>,
      ],
      "value": Object {
        "genres": Array [],
        "handleMovieSubmit": [Function],
        "handleSearchChange": [Function],
        "imageBaseUrl": "",
        "lg": "",
        "loadMovies": [Function],
        "loading": true,
        "md": "",
        "popularPageNo": 1,
        "popularResults": Object {},
        "searchPageNo": 1,
        "searchResults": Object {},
        "searchTerms": "",
        "sm": "",
        "updateSearchTerms": [Function],
        "xl": "",
      },
    },
    "ref": null,
    "rendered": Array [
      Object {
        "instance": null,
        "key": undefined,
        "nodeType": "function",
        "props": Object {},
        "ref": null,
        "rendered": null,
        "type": [Function],
      },
      Object {
        "instance": null,
        "key": undefined,
        "nodeType": "function",
        "props": Object {
          "resetSearchTerm": [Function],
        },
        "ref": null,
        "rendered": null,
        "type": [Function],
      },
      Object {
        "instance": null,
        "key": undefined,
        "nodeType": "function",
        "props": Object {
          "children": Array [
            <ResultsWrapper
              path="/"
              popular={true}
            />,
            <ResultsWrapper
              path="/search/:searchTerm"
            />,
            <MovieWrapper
              path="/movie/:movieId"
            />,
          ],
        },
        "ref": null,
        "rendered": Array [
          Object {
            "instance": null,
            "key": undefined,
            "nodeType": "function",
            "props": Object {
              "path": "/",
              "popular": true,
            },
            "ref": null,
            "rendered": null,
            "type": [Function],
          },
          Object {
            "instance": null,
            "key": undefined,
            "nodeType": "function",
            "props": Object {
              "path": "/search/:searchTerm",
            },
            "ref": null,
            "rendered": null,
            "type": [Function],
          },
          Object {
            "instance": null,
            "key": undefined,
            "nodeType": "function",
            "props": Object {
              "path": "/movie/:movieId",
            },
            "ref": null,
            "rendered": null,
            "type": [Function],
          },
        ],
        "type": [Function],
      },
    ],
    "type": Object {
      "$$typeof": Symbol(react.provider),
      "_context": Object {
        "$$typeof": Symbol(react.context),
        "Consumer": [Circular],
        "Provider": [Circular],
        "_calculateChangedBits": null,
        "_currentRenderer": Object {},
        "_currentRenderer2": null,
        "_currentValue": Object {
          "genres": Array [],
          "handleMovieSubmit": [Function],
          "handleSearchChange": [Function],
          "imageBaseUrl": "",
          "lg": "",
          "loading": true,
          "md": "",
          "popularPageNo": 1,
          "popularResults": Object {},
          "searchPageNo": 1,
          "searchResults": Object {},
          "searchTerms": "",
          "sm": "",
          "updateSearchTerms": [Function],
          "xl": "",
        },
        "_currentValue2": Object {
          "genres": Array [],
          "handleMovieSubmit": [Function],
          "handleSearchChange": [Function],
          "imageBaseUrl": "",
          "lg": "",
          "loading": true,
          "md": "",
          "popularPageNo": 1,
          "popularResults": Object {},
          "searchPageNo": 1,
          "searchResults": Object {},
          "searchTerms": "",
          "sm": "",
          "updateSearchTerms": [Function],
          "xl": "",
        },
        "unstable_read": [Function],
      },
    },
  },
  Symbol(enzyme.__nodes__): Array [
    Object {
      "instance": null,
      "key": undefined,
      "nodeType": "function",
      "props": Object {
        "children": Array [
          <SearchBox />,
          <Nav
            resetSearchTerm={[Function]}
          />,
          <Router>
            <ResultsWrapper
              path="/"
              popular={true}
            />
            <ResultsWrapper
              path="/search/:searchTerm"
            />
            <MovieWrapper
              path="/movie/:movieId"
            />
          </Router>,
        ],
        "value": Object {
          "genres": Array [],
          "handleMovieSubmit": [Function],
          "handleSearchChange": [Function],
          "imageBaseUrl": "",
          "lg": "",
          "loadMovies": [Function],
          "loading": true,
          "md": "",
          "popularPageNo": 1,
          "popularResults": Object {},
          "searchPageNo": 1,
          "searchResults": Object {},
          "searchTerms": "",
          "sm": "",
          "updateSearchTerms": [Function],
          "xl": "",
        },
      },
      "ref": null,
      "rendered": Array [
        Object {
          "instance": null,
          "key": undefined,
          "nodeType": "function",
          "props": Object {},
          "ref": null,
          "rendered": null,
          "type": [Function],
        },
        Object {
          "instance": null,
          "key": undefined,
          "nodeType": "function",
          "props": Object {
            "resetSearchTerm": [Function],
          },
          "ref": null,
          "rendered": null,
          "type": [Function],
        },
        Object {
          "instance": null,
          "key": undefined,
          "nodeType": "function",
          "props": Object {
            "children": Array [
              <ResultsWrapper
                path="/"
                popular={true}
              />,
              <ResultsWrapper
                path="/search/:searchTerm"
              />,
              <MovieWrapper
                path="/movie/:movieId"
              />,
            ],
          },
          "ref": null,
          "rendered": Array [
            Object {
              "instance": null,
              "key": undefined,
              "nodeType": "function",
              "props": Object {
                "path": "/",
                "popular": true,
              },
              "ref": null,
              "rendered": null,
              "type": [Function],
            },
            Object {
              "instance": null,
              "key": undefined,
              "nodeType": "function",
              "props": Object {
                "path": "/search/:searchTerm",
              },
              "ref": null,
              "rendered": null,
              "type": [Function],
            },
            Object {
              "instance": null,
              "key": undefined,
              "nodeType": "function",
              "props": Object {
                "path": "/movie/:movieId",
              },
              "ref": null,
              "rendered": null,
              "type": [Function],
            },
          ],
          "type": [Function],
        },
      ],
      "type": Object {
        "$$typeof": Symbol(react.provider),
        "_context": Object {
          "$$typeof": Symbol(react.context),
          "Consumer": [Circular],
          "Provider": [Circular],
          "_calculateChangedBits": null,
          "_currentRenderer": Object {},
          "_currentRenderer2": null,
          "_currentValue": Object {
            "genres": Array [],
            "handleMovieSubmit": [Function],
            "handleSearchChange": [Function],
            "imageBaseUrl": "",
            "lg": "",
            "loading": true,
            "md": "",
            "popularPageNo": 1,
            "popularResults": Object {},
            "searchPageNo": 1,
            "searchResults": Object {},
            "searchTerms": "",
            "sm": "",
            "updateSearchTerms": [Function],
            "xl": "",
          },
          "_currentValue2": Object {
            "genres": Array [],
            "handleMovieSubmit": [Function],
            "handleSearchChange": [Function],
            "imageBaseUrl": "",
            "lg": "",
            "loading": true,
            "md": "",
            "popularPageNo": 1,
            "popularResults": Object {},
            "searchPageNo": 1,
            "searchResults": Object {},
            "searchTerms": "",
            "sm": "",
            "updateSearchTerms": [Function],
            "xl": "",
          },
          "unstable_read": [Function],
        },
      },
    },
  ],
  Symbol(enzyme.__options__): Object {
    "adapter": ReactSixteenAdapter {
      "options": Object {
        "enableComponentDidUpdateOnSetState": true,
        "lifecycles": Object {
          "componentDidUpdate": Object {
            "onSetState": true,
          },
          "getDerivedStateFromProps": true,
          "getSnapshotBeforeUpdate": true,
          "setState": Object {
            "skipsComponentDidUpdateOnNullish": true,
          },
        },
      },
    },
    "attachTo": undefined,
    "hydrateIn": undefined,
  },
}
`;
