// Jest Snapshot v1, https://goo.gl/fbAQLP

exports[`Nav Renders 1`] = `
ShallowWrapper {
  Symbol(enzyme.__root__): [Circular],
  Symbol(enzyme.__unrendered__): <Nav
    resetSearchTerm={[MockFunction]}
  />,
  Symbol(enzyme.__renderer__): Object {
    "batchedUpdates": [Function],
    "getNode": [Function],
    "render": [Function],
    "simulateError": [Function],
    "simulateEvent": [Function],
    "unmount": [Function],
  },
  Symbol(enzyme.__node__): Object {
    "instance": null,
    "key": undefined,
    "nodeType": "host",
    "props": Object {
      "children": <nav
        className="c-nav__container"
      >
        <ForwardRef
          className="c-nav__links"
          onClick={[Function]}
          to="/"
        >
          Popular Movies
        </ForwardRef>
      </nav>,
      "className": "c-nav",
    },
    "ref": null,
    "rendered": Object {
      "instance": null,
      "key": undefined,
      "nodeType": "host",
      "props": Object {
        "children": <ForwardRef
          className="c-nav__links"
          onClick={[Function]}
          to="/"
        >
          Popular Movies
        </ForwardRef>,
        "className": "c-nav__container",
      },
      "ref": null,
      "rendered": Object {
        "instance": null,
        "key": undefined,
        "nodeType": "function",
        "props": Object {
          "children": "Popular Movies",
          "className": "c-nav__links",
          "onClick": [Function],
          "to": "/",
        },
        "ref": null,
        "rendered": "Popular Movies",
        "type": Object {
          "$$typeof": Symbol(react.forward_ref),
          "render": [Function],
        },
      },
      "type": "nav",
    },
    "type": "div",
  },
  Symbol(enzyme.__nodes__): Array [
    Object {
      "instance": null,
      "key": undefined,
      "nodeType": "host",
      "props": Object {
        "children": <nav
          className="c-nav__container"
        >
          <ForwardRef
            className="c-nav__links"
            onClick={[Function]}
            to="/"
          >
            Popular Movies
          </ForwardRef>
        </nav>,
        "className": "c-nav",
      },
      "ref": null,
      "rendered": Object {
        "instance": null,
        "key": undefined,
        "nodeType": "host",
        "props": Object {
          "children": <ForwardRef
            className="c-nav__links"
            onClick={[Function]}
            to="/"
          >
            Popular Movies
          </ForwardRef>,
          "className": "c-nav__container",
        },
        "ref": null,
        "rendered": Object {
          "instance": null,
          "key": undefined,
          "nodeType": "function",
          "props": Object {
            "children": "Popular Movies",
            "className": "c-nav__links",
            "onClick": [Function],
            "to": "/",
          },
          "ref": null,
          "rendered": "Popular Movies",
          "type": Object {
            "$$typeof": Symbol(react.forward_ref),
            "render": [Function],
          },
        },
        "type": "nav",
      },
      "type": "div",
    },
  ],
  Symbol(enzyme.__options__): Object {
    "adapter": ReactSixteenAdapter {
      "options": Object {
        "enableComponentDidUpdateOnSetState": true,
        "lifecycles": Object {
          "componentDidUpdate": Object {
            "onSetState": true,
          },
          "getDerivedStateFromProps": true,
          "getSnapshotBeforeUpdate": true,
          "setState": Object {
            "skipsComponentDidUpdateOnNullish": true,
          },
        },
      },
    },
    "attachTo": undefined,
    "hydrateIn": undefined,
  },
}
`;
