// Jest Snapshot v1, https://goo.gl/fbAQLP

exports[`Card Renders 1`] = `
ShallowWrapper {
  Symbol(enzyme.__root__): [Circular],
  Symbol(enzyme.__unrendered__): <Card
    imageBaseUrl="imageBaseUrl"
    overview="overview"
    path="path"
    releaseDate="releaseDate"
    size="size"
    title="Title"
  />,
  Symbol(enzyme.__renderer__): Object {
    "batchedUpdates": [Function],
    "getNode": [Function],
    "render": [Function],
    "simulateError": [Function],
    "simulateEvent": [Function],
    "unmount": [Function],
  },
  Symbol(enzyme.__node__): Object {
    "instance": null,
    "key": undefined,
    "nodeType": "host",
    "props": Object {
      "children": Array [
        <Poster
          imageBaseUrl="imageBaseUrl"
          path="path"
          size="size"
          title="Title"
        />,
        <div
          className="c-card__body"
        >
          <header
            className="c-card__header"
          >
            <h2
              className="c-card__title"
            >
              Title
            </h2>
            <small
              className="c-card__date"
            >
              releaseDate
            </small>
          </header>
          <p
            className="c-card__overview"
          >
            overview
          </p>
        </div>,
      ],
      "className": "c-card",
    },
    "ref": null,
    "rendered": Array [
      Object {
        "instance": null,
        "key": undefined,
        "nodeType": "class",
        "props": Object {
          "imageBaseUrl": "imageBaseUrl",
          "path": "path",
          "size": "size",
          "title": "Title",
        },
        "ref": null,
        "rendered": null,
        "type": [Function],
      },
      Object {
        "instance": null,
        "key": undefined,
        "nodeType": "host",
        "props": Object {
          "children": Array [
            <header
              className="c-card__header"
            >
              <h2
                className="c-card__title"
              >
                Title
              </h2>
              <small
                className="c-card__date"
              >
                releaseDate
              </small>
            </header>,
            <p
              className="c-card__overview"
            >
              overview
            </p>,
          ],
          "className": "c-card__body",
        },
        "ref": null,
        "rendered": Array [
          Object {
            "instance": null,
            "key": undefined,
            "nodeType": "host",
            "props": Object {
              "children": Array [
                <h2
                  className="c-card__title"
                >
                  Title
                </h2>,
                <small
                  className="c-card__date"
                >
                  releaseDate
                </small>,
              ],
              "className": "c-card__header",
            },
            "ref": null,
            "rendered": Array [
              Object {
                "instance": null,
                "key": undefined,
                "nodeType": "host",
                "props": Object {
                  "children": "Title",
                  "className": "c-card__title",
                },
                "ref": null,
                "rendered": "Title",
                "type": "h2",
              },
              Object {
                "instance": null,
                "key": undefined,
                "nodeType": "host",
                "props": Object {
                  "children": "releaseDate",
                  "className": "c-card__date",
                },
                "ref": null,
                "rendered": "releaseDate",
                "type": "small",
              },
            ],
            "type": "header",
          },
          Object {
            "instance": null,
            "key": undefined,
            "nodeType": "host",
            "props": Object {
              "children": "overview",
              "className": "c-card__overview",
            },
            "ref": null,
            "rendered": "overview",
            "type": "p",
          },
        ],
        "type": "div",
      },
    ],
    "type": "article",
  },
  Symbol(enzyme.__nodes__): Array [
    Object {
      "instance": null,
      "key": undefined,
      "nodeType": "host",
      "props": Object {
        "children": Array [
          <Poster
            imageBaseUrl="imageBaseUrl"
            path="path"
            size="size"
            title="Title"
          />,
          <div
            className="c-card__body"
          >
            <header
              className="c-card__header"
            >
              <h2
                className="c-card__title"
              >
                Title
              </h2>
              <small
                className="c-card__date"
              >
                releaseDate
              </small>
            </header>
            <p
              className="c-card__overview"
            >
              overview
            </p>
          </div>,
        ],
        "className": "c-card",
      },
      "ref": null,
      "rendered": Array [
        Object {
          "instance": null,
          "key": undefined,
          "nodeType": "class",
          "props": Object {
            "imageBaseUrl": "imageBaseUrl",
            "path": "path",
            "size": "size",
            "title": "Title",
          },
          "ref": null,
          "rendered": null,
          "type": [Function],
        },
        Object {
          "instance": null,
          "key": undefined,
          "nodeType": "host",
          "props": Object {
            "children": Array [
              <header
                className="c-card__header"
              >
                <h2
                  className="c-card__title"
                >
                  Title
                </h2>
                <small
                  className="c-card__date"
                >
                  releaseDate
                </small>
              </header>,
              <p
                className="c-card__overview"
              >
                overview
              </p>,
            ],
            "className": "c-card__body",
          },
          "ref": null,
          "rendered": Array [
            Object {
              "instance": null,
              "key": undefined,
              "nodeType": "host",
              "props": Object {
                "children": Array [
                  <h2
                    className="c-card__title"
                  >
                    Title
                  </h2>,
                  <small
                    className="c-card__date"
                  >
                    releaseDate
                  </small>,
                ],
                "className": "c-card__header",
              },
              "ref": null,
              "rendered": Array [
                Object {
                  "instance": null,
                  "key": undefined,
                  "nodeType": "host",
                  "props": Object {
                    "children": "Title",
                    "className": "c-card__title",
                  },
                  "ref": null,
                  "rendered": "Title",
                  "type": "h2",
                },
                Object {
                  "instance": null,
                  "key": undefined,
                  "nodeType": "host",
                  "props": Object {
                    "children": "releaseDate",
                    "className": "c-card__date",
                  },
                  "ref": null,
                  "rendered": "releaseDate",
                  "type": "small",
                },
              ],
              "type": "header",
            },
            Object {
              "instance": null,
              "key": undefined,
              "nodeType": "host",
              "props": Object {
                "children": "overview",
                "className": "c-card__overview",
              },
              "ref": null,
              "rendered": "overview",
              "type": "p",
            },
          ],
          "type": "div",
        },
      ],
      "type": "article",
    },
  ],
  Symbol(enzyme.__options__): Object {
    "adapter": ReactSixteenAdapter {
      "options": Object {
        "enableComponentDidUpdateOnSetState": true,
        "lifecycles": Object {
          "componentDidUpdate": Object {
            "onSetState": true,
          },
          "getDerivedStateFromProps": true,
          "getSnapshotBeforeUpdate": true,
          "setState": Object {
            "skipsComponentDidUpdateOnNullish": true,
          },
        },
      },
    },
    "attachTo": undefined,
    "hydrateIn": undefined,
  },
}
`;
